../Core/Src/main.c:77:6:HAL_TIM_PeriodElapsedCallback	32	static
../Core/Src/main.c:104:5:main	32	static
../Core/Src/main.c:168:6:SystemClock_Config	72	static
../Core/Src/main.c:208:13:MX_TIM1_Init	96	static
../Core/Src/main.c:287:13:MX_TIM2_Init	56	static
../Core/Src/main.c:336:13:MX_TIM3_Init	32	static
../Core/Src/main.c:381:13:MX_TIM4_Init	32	static
../Core/Src/main.c:426:13:MX_USART1_UART_Init	8	static
../Core/Src/main.c:459:13:MX_GPIO_Init	40	static
../Core/Src/main.c:492:6:Error_Handler	4	static,ignoring_inline_asm
