../Core/Src/main.c:78:6:HAL_TIM_PeriodElapsedCallback	40	static
../Core/Src/main.c:110:5:main	8	static
../Core/Src/main.c:163:6:SystemClock_Config	72	static
../Core/Src/main.c:203:13:MX_TIM1_Init	96	static
../Core/Src/main.c:282:13:MX_TIM2_Init	56	static
../Core/Src/main.c:331:13:MX_TIM3_Init	32	static
../Core/Src/main.c:376:13:MX_TIM4_Init	32	static
../Core/Src/main.c:421:13:MX_USART1_UART_Init	8	static
../Core/Src/main.c:454:13:MX_GPIO_Init	40	static
../Core/Src/main.c:487:6:Error_Handler	4	static,ignoring_inline_asm
