../Core/Src/main.c:116:6:Send_SF_Read	8	static
../Core/Src/main.c:125:6:Read_Service_Handler	16	static
../Core/Src/main.c:135:6:Send_SF_Write	8	static
../Core/Src/main.c:147:6:Write_Service_Handler	8	static
../Core/Src/main.c:152:6:Send_SF_Security	8	static
../Core/Src/main.c:160:6:Send_FF_Security	8	static
../Core/Src/main.c:176:6:Send_CF_Security	16	static
../Core/Src/main.c:189:6:Security_Handler	8	static
../Core/Src/main.c:222:6:CAN_Error_Handler	48	static
../Core/Src/main.c:229:6:HAL_TIM_PeriodElapsedCallback	16	static
../Core/Src/main.c:241:6:HAL_CAN_RxFifo1MsgPendingCallback	16	static
../Core/Src/main.c:293:5:main	8	static
../Core/Src/main.c:348:6:SystemClock_Config	72	static
../Core/Src/main.c:388:13:MX_CAN_Init	8	static
../Core/Src/main.c:425:13:MX_TIM2_Init	32	static
../Core/Src/main.c:470:13:MX_USART1_UART_Init	8	static
../Core/Src/main.c:503:13:MX_GPIO_Init	16	static
../Core/Src/main.c:524:6:Error_Handler	4	static,ignoring_inline_asm
