../Core/Src/main.c:123:6:Send_SF_Error_Code	16	static
../Core/Src/main.c:132:6:Read_Service_Handler	8	static
../Core/Src/main.c:149:6:Send_SF_Write	8	static
../Core/Src/main.c:156:6:Write_Service_Handler	8	static
../Core/Src/main.c:165:6:Send_SF_Security	8	static
../Core/Src/main.c:177:6:Send_FC_Security	8	static
../Core/Src/main.c:185:6:Send_SF_Security_Accept	8	static
../Core/Src/main.c:193:6:Security_Accept	8	static
../Core/Src/main.c:200:6:Security_CF_Handler	16	static
../Core/Src/main.c:221:6:Security_Handler	8	static
../Core/Src/main.c:262:6:HAL_TIM_PeriodElapsedCallback	16	static
../Core/Src/main.c:269:6:HAL_CAN_RxFifo1MsgPendingCallback	16	static
../Core/Src/main.c:319:5:main	8	static
../Core/Src/main.c:368:6:SystemClock_Config	72	static
../Core/Src/main.c:408:13:MX_CAN_Init	8	static
../Core/Src/main.c:445:13:MX_TIM2_Init	32	static
../Core/Src/main.c:490:13:MX_USART1_UART_Init	8	static
../Core/Src/main.c:523:13:MX_GPIO_Init	40	static
../Core/Src/main.c:556:6:Error_Handler	4	static,ignoring_inline_asm
