../Core/Src/stm32f1xx_it.c:54:6:Switch_Effect	8	static
../Core/Src/stm32f1xx_it.c:93:6:NMI_Handler	4	static
../Core/Src/stm32f1xx_it.c:108:6:HardFault_Handler	4	static
../Core/Src/stm32f1xx_it.c:123:6:MemManage_Handler	4	static
../Core/Src/stm32f1xx_it.c:138:6:BusFault_Handler	4	static
../Core/Src/stm32f1xx_it.c:153:6:UsageFault_Handler	4	static
../Core/Src/stm32f1xx_it.c:168:6:SVC_Handler	4	static
../Core/Src/stm32f1xx_it.c:181:6:DebugMon_Handler	4	static
../Core/Src/stm32f1xx_it.c:194:6:PendSV_Handler	4	static
../Core/Src/stm32f1xx_it.c:207:6:SysTick_Handler	8	static
../Core/Src/stm32f1xx_it.c:228:6:EXTI0_IRQHandler	24	static
../Core/Src/stm32f1xx_it.c:261:6:EXTI1_IRQHandler	24	static
../Core/Src/stm32f1xx_it.c:294:6:TIM2_IRQHandler	8	static
